// Jest Snapshot v1, https://goo.gl/fbAQLP

exports[`UserView renders correctly 1`] = `
<div>
    <h1>Hello World</h1>
    <user-search-stub></user-search-stub>
    <user-profile-stub></user-profile-stub>
</div>
`;
